// Jest Snapshot v1, https://goo.gl/fbAQLP

exports[`Character snapshot renders 1`] = `ShallowWrapper {}`;
